// Vitest Snapshot v1, https://vitest.dev/guide/snapshot.html

exports[`SuccessRestPasswordPage Component > should render correctly 1`] = `
<div>
  <div
    class="auth"
  >
    <section
      class="auth__section section"
    >
      <div
        class="auth__container container container--lg"
      >
        <div
          class="auth__body"
        >
          <h2
            class="auth__title section-title"
          >
            Password has been reset
          </h2>
          <p
            class="auth__subtitle"
          >
            Your password has been successfully reset. Click the button below to main page.
          </p>
          <button
            class="auth__button button button--big button--green"
            data-testid="buttonTestId"
            type="button"
          >
            Back to main page
          </button>
        </div>
      </div>
    </section>
  </div>
</div>
`;
