// Vitest Snapshot v1, https://vitest.dev/guide/snapshot.html

exports[`Login Page Component > should render page correctly 1`] = `
<div>
  <div
    class="auth"
  >
    <section
      class="auth__section section"
    >
      <div
        class="auth__container container container--lg"
      >
        <div
          class="auth__body"
        >
          <h2
            class="auth__title section-title"
          >
            Login
          </h2>
          <form
            class="auth__form"
          >
            <div
              class="auth__field field"
              data-testid="fieldTestId"
            >
              <label
                class="field__label"
                data-testid="fieldLabelTestId"
                for="input"
              >
                Email address
              </label>
              <input
                autocomplete="off"
                class="auth__input input"
                data-testid="inputTestId"
                id="input"
                name="email"
                placeholder="example@mail.com"
                type="text"
              />
            </div>
            <div
              class="auth__field field"
              data-testid="fieldTestId"
            >
              <label
                class="field__label"
                data-testid="fieldLabelTestId"
                for="input"
              >
                Password
              </label>
              <a
                class="auth__link link link--green"
                data-discover="true"
                data-testid="routerLinkTestId"
                href="/reset-password"
              >
                Forgot password?
              </a>
              <div
                class="auth__password password"
                data-testid="passwordInputTestId"
              >
                <input
                  autocomplete="off"
                  class="password__input input transparent"
                  data-testid="inputTestId"
                  id="input"
                  name="password"
                  placeholder="Your password"
                  type="password"
                />
                <button
                  class="password__button button button--small button--gray button--transparent button--icon"
                  data-testid="buttonTestId"
                  type="button"
                >
                  <svg
                    block="password"
                    fill="currentColor"
                    height="1em"
                    stroke="currentColor"
                    stroke-width="0"
                    viewBox="0 0 512 512"
                    width="1em"
                    xmlns="http://www.w3.org/2000/svg"
                  >
                    <path
                      d="M432 448a15.92 15.92 0 0 1-11.31-4.69l-352-352a16 16 0 0 1 22.62-22.62l352 352A16 16 0 0 1 432 448zM248 315.85l-51.79-51.79a2 2 0 0 0-3.39 1.69 64.11 64.11 0 0 0 53.49 53.49 2 2 0 0 0 1.69-3.39zm16-119.7L315.87 248a2 2 0 0 0 3.4-1.69 64.13 64.13 0 0 0-53.55-53.55 2 2 0 0 0-1.72 3.39z"
                    />
                    <path
                      d="M491 273.36a32.2 32.2 0 0 0-.1-34.76c-26.46-40.92-60.79-75.68-99.27-100.53C349 110.55 302 96 255.68 96a226.54 226.54 0 0 0-71.82 11.79 4 4 0 0 0-1.56 6.63l47.24 47.24a4 4 0 0 0 3.82 1.05 96 96 0 0 1 116 116 4 4 0 0 0 1.05 3.81l67.95 68a4 4 0 0 0 5.4.24 343.81 343.81 0 0 0 67.24-77.4zM256 352a96 96 0 0 1-93.3-118.63 4 4 0 0 0-1.05-3.81l-66.84-66.87a4 4 0 0 0-5.41-.23c-24.39 20.81-47 46.13-67.67 75.72a31.92 31.92 0 0 0-.64 35.54c26.41 41.33 60.39 76.14 98.28 100.65C162.06 402 207.92 416 255.68 416a238.22 238.22 0 0 0 72.64-11.55 4 4 0 0 0 1.61-6.64l-47.47-47.46a4 4 0 0 0-3.81-1.05A96 96 0 0 1 256 352z"
                    />
                  </svg>
                </button>
              </div>
            </div>
            <button
              class="button button--big button--green"
              data-testid="buttonTestId"
              type="submit"
            >
              Login
            </button>
            <p
              class="auth__text"
            >
              Don’t have an account?
              <a
                class="auth__link link link--green"
                data-discover="true"
                data-testid="routerLinkTestId"
                href="/registration"
              >
                Sign Up
              </a>
            </p>
            <p
              class="auth__separator"
            >
              <span>
                or
              </span>
            </p>
            <button
              class="auth__button button button--big button--white button--icon"
              data-testid="buttonTestId"
              type="button"
            >
              <svg
                data-testid="leftIconButtonTestId"
                fill="currentColor"
                height="1em"
                stroke="currentColor"
                stroke-width="0"
                viewBox="0 0 488 512"
                width="1em"
                xmlns="http://www.w3.org/2000/svg"
              >
                <path
                  d="M488 261.8C488 403.3 391.1 504 248 504 110.8 504 0 393.2 0 256S110.8 8 248 8c66.8 0 123 24.5 166.3 64.9l-67.5 64.9C258.5 52.6 94.3 116.6 94.3 256c0 86.5 69.1 156.6 153.7 156.6 98.2 0 135-70.4 140.8-106.9H248v-85.3h236.1c2.3 12.7 3.9 24.9 3.9 41.4z"
                />
              </svg>
              Authorize with Google
            </button>
          </form>
        </div>
      </div>
    </section>
  </div>
</div>
`;
