// Vitest Snapshot v1, https://vitest.dev/guide/snapshot.html

exports[`ResetPasswordPage Component > should render correctly 1`] = `
<div>
  <div
    class="auth"
  >
    <section
      class="auth__section section"
    >
      <div
        class="auth__container container container--lg"
      >
        <div
          class="auth__body"
        >
          <h2
            class="auth__title section-title"
          >
            Forgot password
          </h2>
          <p
            class="auth__subtitle"
          >
            No worries, we'll send you reset instructions.
          </p>
          <form
            class="auth__form"
          >
            <div
              class="auth__field field"
              data-testid="fieldTestId"
            >
              <label
                class="field__label"
                data-testid="fieldLabelTestId"
                for="input"
              >
                Email address
              </label>
              <input
                autocomplete="off"
                class="auth__input input"
                data-testid="inputTestId"
                id="input"
                name="email"
                placeholder="example@mail.com"
                type="text"
              />
            </div>
            <button
              class="button button--big button--green"
              data-testid="buttonTestId"
              type="submit"
            >
              Reset password
            </button>
          </form>
          <a
            class="auth__link link link--green"
            data-discover="true"
            data-testid="routerLinkTestId"
            href="/login"
          >
            <svg
              block="auth"
              fill="currentColor"
              height="1em"
              stroke="currentColor"
              stroke-width="0"
              viewBox="0 0 24 24"
              width="1em"
              xmlns="http://www.w3.org/2000/svg"
            >
              <path
                d="M0 0h24v24H0V0z"
                fill="none"
              />
              <path
                d="M15.41 16.59 10.83 12l4.58-4.59L14 6l-6 6 6 6 1.41-1.41z"
              />
            </svg>
             Back to login
          </a>
        </div>
      </div>
    </section>
  </div>
</div>
`;
